C51 COMPILER V8.08   KEY_LED                                                               08/10/2009 10:11:06 PAGE 1   


C51 COMPILER V8.08, COMPILATION OF MODULE KEY_LED
OBJECT MODULE PLACED IN key-led.OBJ
COMPILER INVOKED BY: C:\Keil\C51\BIN\C51.EXE key-led.c BROWSE DEBUG OBJECTEXTEND

line level    source

   1          #include <reg52.h>
   2          sbit S1 = P1^0;
   3          sbit S2 = P1^1;
   4          sbit LED1 = P0^0;
   5          sbit LED2 = P0^1;
   6          
   7          void main()
   8          {
   9   1              while(1)
  10   1              {
  11   2                      LED1 = S1;
  12   2                      LED2 = S2;
  13   2              }
  14   1      }


MODULE INFORMATION:   STATIC OVERLAYABLE
   CODE SIZE        =     10    ----
   CONSTANT SIZE    =   ----    ----
   XDATA SIZE       =   ----    ----
   PDATA SIZE       =   ----    ----
   DATA SIZE        =   ----    ----
   IDATA SIZE       =   ----    ----
   BIT SIZE         =   ----    ----
END OF MODULE INFORMATION.


C51 COMPILATION COMPLETE.  0 WARNING(S),  0 ERROR(S)
